This is pdfTeX, Version 3.141592653-2.6-1.40.26 (TeX Live 2024) (preloaded format=pdflatex 2024.12.19)  4 SEP 2025 15:46
entering extended mode
 restricted \write18 enabled.
 %&-line parsing enabled.
**micropolarray.tex
(./micropolarray.tex
LaTeX2e <2024-11-01> patch level 1
L3 programming layer <2024-11-02>
(./sphinxmanual.cls
Document Class: sphinxmanual 2019/12/01 v2.3.0 Document class (Sphinx manual)
(/usr/local/texlive/2024/texmf-dist/tex/latex/base/report.cls
Document Class: report 2024/06/29 v1.4n Standard LaTeX document class
(/usr/local/texlive/2024/texmf-dist/tex/latex/base/size10.clo
File: size10.clo 2024/06/29 v1.4n Standard LaTeX file (size option)
)
\c@part=\count196
\c@chapter=\count197
\c@section=\count198
\c@subsection=\count199
\c@subsubsection=\count266
\c@paragraph=\count267
\c@subparagraph=\count268
\c@figure=\count269
\c@table=\count270
\abovecaptionskip=\skip49
\belowcaptionskip=\skip50
\bibindent=\dimen141
)
LaTeX Info: Redefining \and on input line 35.
)
(/usr/local/texlive/2024/texmf-dist/tex/latex/base/inputenc.sty
Package: inputenc 2024/02/08 v1.3d Input encoding file
\inpenc@prehook=\toks17
\inpenc@posthook=\toks18
)
   defining Unicode char U+00A0 (decimal 160)
   defining Unicode char U+2500 (decimal 9472)
   defining Unicode char U+2502 (decimal 9474)
   defining Unicode char U+2514 (decimal 9492)
   defining Unicode char U+251C (decimal 9500)
   defining Unicode char U+2572 (decimal 9586)

(/usr/local/texlive/2024/texmf-dist/tex/latex/cmap/cmap.sty
Package: cmap 2021/02/06 v1.0j CMap support: searchable PDF
)
(/usr/local/texlive/2024/texmf-dist/tex/latex/base/fontenc.sty
Package: fontenc 2021/04/29 v2.0v Standard LaTeX package
<<t1.cmap>>)
(/usr/local/texlive/2024/texmf-dist/tex/latex/amsmath/amsmath.sty
Package: amsmath 2024/11/05 v2.17t AMS math features
\@mathmargin=\skip51

For additional information on amsmath, use the `?' option.
(/usr/local/texlive/2024/texmf-dist/tex/latex/amsmath/amstext.sty
Package: amstext 2021/08/26 v2.01 AMS text

(/usr/local/texlive/2024/texmf-dist/tex/latex/amsmath/amsgen.sty
File: amsgen.sty 1999/11/30 v2.0 generic functions
\@emptytoks=\toks19
\ex@=\dimen142
))
(/usr/local/texlive/2024/texmf-dist/tex/latex/amsmath/amsbsy.sty
Package: amsbsy 1999/11/29 v1.2d Bold Symbols
\pmbraise@=\dimen143
)
(/usr/local/texlive/2024/texmf-dist/tex/latex/amsmath/amsopn.sty
Package: amsopn 2022/04/08 v2.04 operator names
)
\inf@bad=\count271
LaTeX Info: Redefining \frac on input line 233.
\uproot@=\count272
\leftroot@=\count273
LaTeX Info: Redefining \overline on input line 398.
LaTeX Info: Redefining \colon on input line 409.
\classnum@=\count274
\DOTSCASE@=\count275
LaTeX Info: Redefining \ldots on input line 495.
LaTeX Info: Redefining \dots on input line 498.
LaTeX Info: Redefining \cdots on input line 619.
\Mathstrutbox@=\box52
\strutbox@=\box53
LaTeX Info: Redefining \big on input line 721.
LaTeX Info: Redefining \Big on input line 722.
LaTeX Info: Redefining \bigg on input line 723.
LaTeX Info: Redefining \Bigg on input line 724.
\big@size=\dimen144
LaTeX Font Info:    Redeclaring font encoding OML on input line 742.
LaTeX Font Info:    Redeclaring font encoding OMS on input line 743.
\macc@depth=\count276
LaTeX Info: Redefining \bmod on input line 904.
LaTeX Info: Redefining \pmod on input line 909.
LaTeX Info: Redefining \smash on input line 939.
LaTeX Info: Redefining \relbar on input line 969.
LaTeX Info: Redefining \Relbar on input line 970.
\c@MaxMatrixCols=\count277
\dotsspace@=\muskip17
\c@parentequation=\count278
\dspbrk@lvl=\count279
\tag@help=\toks20
\row@=\count280
\column@=\count281
\maxfields@=\count282
\andhelp@=\toks21
\eqnshift@=\dimen145
\alignsep@=\dimen146
\tagshift@=\dimen147
\tagwidth@=\dimen148
\totwidth@=\dimen149
\lineht@=\dimen150
\@envbody=\toks22
\multlinegap=\skip52
\multlinetaggap=\skip53
\mathdisplay@stack=\toks23
LaTeX Info: Redefining \[ on input line 2953.
LaTeX Info: Redefining \] on input line 2954.
)
(/usr/local/texlive/2024/texmf-dist/tex/latex/amsfonts/amssymb.sty
Package: amssymb 2013/01/14 v3.01 AMS font symbols

(/usr/local/texlive/2024/texmf-dist/tex/latex/amsfonts/amsfonts.sty
Package: amsfonts 2013/01/14 v3.01 Basic AMSFonts support
\symAMSa=\mathgroup4
\symAMSb=\mathgroup5
LaTeX Font Info:    Redeclaring math symbol \hbar on input line 98.
LaTeX Font Info:    Overwriting math alphabet `\mathfrak' in version `bold'
(Font)                  U/euf/m/n --> U/euf/b/n on input line 106.
))
(/usr/local/texlive/2024/texmf-dist/tex/generic/babel/babel.sty
Package: babel 2024/11/30 v24.14 The multilingual framework for pdfLaTeX, LuaLa
TeX and XeLaTeX
\babel@savecnt=\count283
\U@D=\dimen151
\l@unhyphenated=\language89

(/usr/local/texlive/2024/texmf-dist/tex/generic/babel/txtbabel.def)
\bbl@readstream=\read2
\bbl@dirlevel=\count284

(/usr/local/texlive/2024/texmf-dist/tex/generic/babel-english/english.ldf
Language: english 2017/06/06 v3.3r English support from the babel system
Package babel Info: Hyphen rules for 'canadian' set to \l@english
(babel)             (\language0). Reported on input line 102.
Package babel Info: Hyphen rules for 'australian' set to \l@ukenglish
(babel)             (\language23). Reported on input line 105.
Package babel Info: Hyphen rules for 'newzealand' set to \l@ukenglish
(babel)             (\language23). Reported on input line 108.
))
(/usr/local/texlive/2024/texmf-dist/tex/generic/babel/locale/en/babel-english.t
ex
Package babel Info: Importing font and identification data for english
(babel)             from babel-en.ini. Reported on input line 11.
) (/usr/local/texlive/2024/texmf-dist/tex/latex/tex-gyre/tgtermes.sty
Package: tgtermes 2009/09/27 v1.2 TeX Gyre Termes as default roman family

(/usr/local/texlive/2024/texmf-dist/tex/latex/kvoptions/kvoptions.sty
Package: kvoptions 2022-06-15 v3.15 Key value format for package options (HO)

(/usr/local/texlive/2024/texmf-dist/tex/latex/graphics/keyval.sty
Package: keyval 2022/05/29 v1.15 key=value parser (DPC)
\KV@toks@=\toks24
)
(/usr/local/texlive/2024/texmf-dist/tex/generic/ltxcmds/ltxcmds.sty
Package: ltxcmds 2023-12-04 v1.26 LaTeX kernel commands for general use (HO)
)
(/usr/local/texlive/2024/texmf-dist/tex/latex/kvsetkeys/kvsetkeys.sty
Package: kvsetkeys 2022-10-05 v1.19 Key value parser (HO)
)))
(/usr/local/texlive/2024/texmf-dist/tex/latex/tex-gyre/tgheros.sty
Package: tgheros 2009/09/27 v1.2 TeX Gyre Heros as default sans serif family
)
(/usr/local/texlive/2024/texmf-dist/tex/latex/fncychap/fncychap.sty
Package: fncychap 2007/07/30 v1.34 LaTeX package (Revised chapters)
\RW=\skip54
\mylen=\skip55
\myhi=\skip56
\px=\skip57
\py=\skip58
\pyy=\skip59
\pxx=\skip60
\c@AlphaCnt=\count285
\c@AlphaDecCnt=\count286
)
(./sphinx.sty
Package: sphinx 2023/03/19 v6.2.0 LaTeX package (Sphinx markup)
 (/usr/local/texlive/2024/texmf-dist/tex/latex/xcolor/xcolor.sty
Package: xcolor 2024/09/29 v3.02 LaTeX color extensions (UK)

(/usr/local/texlive/2024/texmf-dist/tex/latex/graphics-cfg/color.cfg
File: color.cfg 2016/01/02 v1.6 sample color configuration
)
Package xcolor Info: Driver file: pdftex.def on input line 274.

(/usr/local/texlive/2024/texmf-dist/tex/latex/graphics-def/pdftex.def
File: pdftex.def 2024/04/13 v1.2c Graphics/color driver for pdftex
)
(/usr/local/texlive/2024/texmf-dist/tex/latex/graphics/mathcolor.ltx)
Package xcolor Info: Model `cmy' substituted by `cmy0' on input line 1349.
Package xcolor Info: Model `hsb' substituted by `rgb' on input line 1353.
Package xcolor Info: Model `RGB' extended on input line 1365.
Package xcolor Info: Model `HTML' substituted by `rgb' on input line 1367.
Package xcolor Info: Model `Hsb' substituted by `hsb' on input line 1368.
Package xcolor Info: Model `tHsb' substituted by `hsb' on input line 1369.
Package xcolor Info: Model `HSB' substituted by `hsb' on input line 1370.
Package xcolor Info: Model `Gray' substituted by `gray' on input line 1371.
Package xcolor Info: Model `wave' substituted by `hsb' on input line 1372.
)
(./sphinxoptionshyperref.sty
File: sphinxoptionshyperref.sty 2021/01/27 hyperref
) (./sphinxoptionsgeometry.sty
File: sphinxoptionsgeometry.sty 2021/01/27 geometry
)
(/usr/local/texlive/2024/texmf-dist/tex/latex/base/textcomp.sty
Package: textcomp 2024/04/24 v2.1b Standard LaTeX package
)
(/usr/local/texlive/2024/texmf-dist/tex/latex/float/float.sty
Package: float 2001/11/08 v1.3d Float enhancements (AL)
\c@float@type=\count287
\float@exts=\toks25
\float@box=\box54
\@float@everytoks=\toks26
\@floatcapt=\box55
)
(/usr/local/texlive/2024/texmf-dist/tex/latex/wrapfig/wrapfig.sty
\wrapoverhang=\dimen152
\WF@size=\dimen153
\c@WF@wrappedlines=\count288
\WF@box=\box56
\WF@everypar=\toks27
Package: wrapfig 2003/01/31  v 3.6
)
(/usr/local/texlive/2024/texmf-dist/tex/latex/capt-of/capt-of.sty
Package: capt-of 2009/12/29 v0.2 standard captions outside of floats
)
(/usr/local/texlive/2024/texmf-dist/tex/latex/tools/multicol.sty
Package: multicol 2024/09/14 v1.9i multicolumn formatting (FMi)
\c@tracingmulticols=\count289
\mult@box=\box57
\multicol@leftmargin=\dimen154
\c@unbalance=\count290
\c@collectmore=\count291
\doublecol@number=\count292
\multicoltolerance=\count293
\multicolpretolerance=\count294
\full@width=\dimen155
\page@free=\dimen156
\premulticols=\dimen157
\postmulticols=\dimen158
\multicolsep=\skip61
\multicolbaselineskip=\skip62
\partial@page=\box58
\last@line=\box59
\mc@boxedresult=\box60
\maxbalancingoverflow=\dimen159
\mult@rightbox=\box61
\mult@grightbox=\box62
\mult@firstbox=\box63
\mult@gfirstbox=\box64
\@tempa=\box65
\@tempa=\box66
\@tempa=\box67
\@tempa=\box68
\@tempa=\box69
\@tempa=\box70
\@tempa=\box71
\@tempa=\box72
\@tempa=\box73
\@tempa=\box74
\@tempa=\box75
\@tempa=\box76
\@tempa=\box77
\@tempa=\box78
\@tempa=\box79
\@tempa=\box80
\@tempa=\box81
\@tempa=\box82
\@tempa=\box83
\@tempa=\box84
\@tempa=\box85
\@tempa=\box86
\@tempa=\box87
\@tempa=\box88
\@tempa=\box89
\@tempa=\box90
\@tempa=\box91
\@tempa=\box92
\@tempa=\box93
\@tempa=\box94
\@tempa=\box95
\@tempa=\box96
\@tempa=\box97
\@tempa=\box98
\@tempa=\box99
\@tempa=\box100
\c@minrows=\count295
\c@columnbadness=\count296
\c@finalcolumnbadness=\count297
\last@try=\dimen160
\multicolovershoot=\dimen161
\multicolundershoot=\dimen162
\mult@nat@firstbox=\box101
\colbreak@box=\box102
\mc@col@check@num=\count298
)
(/usr/local/texlive/2024/texmf-dist/tex/latex/graphics/graphicx.sty
Package: graphicx 2021/09/16 v1.2d Enhanced LaTeX Graphics (DPC,SPQR)

(/usr/local/texlive/2024/texmf-dist/tex/latex/graphics/graphics.sty
Package: graphics 2024/08/06 v1.4g Standard LaTeX Graphics (DPC,SPQR)

(/usr/local/texlive/2024/texmf-dist/tex/latex/graphics/trig.sty
Package: trig 2023/12/02 v1.11 sin cos tan (DPC)
)
(/usr/local/texlive/2024/texmf-dist/tex/latex/graphics-cfg/graphics.cfg
File: graphics.cfg 2016/06/04 v1.11 sample graphics configuration
)
Package graphics Info: Driver file: pdftex.def on input line 106.
)
\Gin@req@height=\dimen163
\Gin@req@width=\dimen164
)
(./sphinxlatexgraphics.sty
File: sphinxlatexgraphics.sty 2021/01/27 graphics
\spx@image@maxheight=\dimen165
\spx@image@box=\box103
) (./sphinxpackageboxes.sty
Package: sphinxpackageboxes 2023/03/19 v6.2.0 advanced colored boxes

(/usr/local/texlive/2024/texmf-dist/tex/latex/pict2e/pict2e.sty
Package: pict2e 2020/09/30 v0.4b Improved picture commands (HjG,RN,JT)

(/usr/local/texlive/2024/texmf-dist/tex/latex/pict2e/pict2e.cfg
File: pict2e.cfg 2016/02/05 v0.1u pict2e configuration for teTeX/TeXLive
)
Package pict2e Info: Driver file: pdftex.def on input line 112.
Package pict2e Info: Driver file for pict2e: p2e-pdftex.def on input line 114.

(/usr/local/texlive/2024/texmf-dist/tex/latex/pict2e/p2e-pdftex.def
File: p2e-pdftex.def 2016/02/05 v0.1u Driver-dependant file (RN,HjG,JT)
)
\pIIe@GRAPH=\toks28
\@arclen=\dimen166
\@arcrad=\dimen167
\pIIe@tempdima=\dimen168
\pIIe@tempdimb=\dimen169
\pIIe@tempdimc=\dimen170
\pIIe@tempdimd=\dimen171
\pIIe@tempdime=\dimen172
\pIIe@tempdimf=\dimen173
)
(/usr/local/texlive/2024/texmf-dist/tex/latex/ellipse/ellipse.sty
Package: ellipse 2004/11/05 v1.0 .dtx ellipse file
)
\@tempdimd=\dimen174
\spx@tempboxa=\box104
\spx@tempboxb=\box105
\spx@boxes@border=\dimen175
\spx@boxes@border@top=\dimen176
\spx@boxes@border@right=\dimen177
\spx@boxes@border@bottom=\dimen178
\spx@boxes@border@left=\dimen179
\spx@boxes@padding@top=\dimen180
\spx@boxes@padding@right=\dimen181
\spx@boxes@padding@bottom=\dimen182
\spx@boxes@padding@left=\dimen183
\spx@boxes@shadow@xoffset=\dimen184
\spx@boxes@shadow@yoffset=\dimen185
\spx@boxes@radius@topleft@x=\dimen186
\spx@boxes@radius@topright@x=\dimen187
\spx@boxes@radius@bottomright@x=\dimen188
\spx@boxes@radius@bottomleft@x=\dimen189
\spx@boxes@radius@topleft@y=\dimen190
\spx@boxes@radius@topright@y=\dimen191
\spx@boxes@radius@bottomright@y=\dimen192
\spx@boxes@radius@bottomleft@y=\dimen193
)
(./sphinxlatexadmonitions.sty
File: sphinxlatexadmonitions.sty 2023/03/19 admonitions

(/usr/local/texlive/2024/texmf-dist/tex/latex/framed/framed.sty
Package: framed 2011/10/22 v 0.96: framed or shaded text with page breaks
\OuterFrameSep=\skip63
\fb@frw=\dimen194
\fb@frh=\dimen195
\FrameRule=\dimen196
\FrameSep=\dimen197
)
\spx@notice@border=\dimen198
)
(./sphinxlatexliterals.sty
File: sphinxlatexliterals.sty 2023/04/01 code-blocks and parsed literals

(/usr/local/texlive/2024/texmf-dist/tex/latex/fancyvrb/fancyvrb.sty
Package: fancyvrb 2024/01/20 4.5c verbatim text (tvz,hv)
\FV@CodeLineNo=\count299
\FV@InFile=\read3
\FV@TabBox=\box106
\c@FancyVerbLine=\count300
\FV@StepNumber=\count301
\FV@OutFile=\write3
)
(/usr/local/texlive/2024/texmf-dist/tex/latex/base/alltt.sty
Package: alltt 2024/07/07 v2.0g defines alltt environment
)
(/usr/local/texlive/2024/texmf-dist/tex/latex/upquote/upquote.sty
Package: upquote 2012/04/19 v1.3 upright-quote and grave-accent glyphs in verba
tim
)
(/usr/local/texlive/2024/texmf-dist/tex/latex/needspace/needspace.sty
Package: needspace 2010/09/12 v1.3d reserve vertical space
)
\sphinxcontinuationbox=\box107
\sphinxvisiblespacebox=\box108
\sphinxVerbatim@TitleBox=\box109
\sphinxVerbatim@ContentsBox=\box110
)
(./sphinxlatexshadowbox.sty
File: sphinxlatexshadowbox.sty 2023/03/19 sphinxShadowBox
) (./sphinxlatexcontainers.sty
File: sphinxlatexcontainers.sty 2021/05/03 containers
)
(./sphinxhighlight.sty
Package: sphinxhighlight 2022/06/30 stylesheet for highlighting with pygments
) (./sphinxlatextables.sty
File: sphinxlatextables.sty 2022/08/15 tables

(/usr/local/texlive/2024/texmf-dist/tex/latex/tabulary/tabulary.sty
Package: tabulary 2024/06/04 v0.11 tabulary package (DPC)

(/usr/local/texlive/2024/texmf-dist/tex/latex/tools/array.sty
Package: array 2024/10/17 v2.6g Tabular extension package (FMi)
\col@sep=\dimen199
\ar@mcellbox=\box111
\extrarowheight=\dimen256
\NC@list=\toks29
\extratabsurround=\skip64
\backup@length=\skip65
\ar@cellbox=\box112
)
\TY@count=\count302
\TY@linewidth=\dimen257
\tymin=\dimen258
\tymax=\dimen259
\TY@tablewidth=\dimen260
)
(/usr/local/texlive/2024/texmf-dist/tex/latex/tools/longtable.sty
Package: longtable 2024-10-27 v4.22 Multi-page Table package (DPC)
\LTleft=\skip66
\LTright=\skip67
\LTpre=\skip68
\LTpost=\skip69
\LTchunksize=\count303
\LTcapwidth=\dimen261
\LT@head=\box113
\LT@firsthead=\box114
\LT@foot=\box115
\LT@lastfoot=\box116
\LT@gbox=\box117
\LT@cols=\count304
\LT@rows=\count305
\c@LT@tables=\count306
\c@LT@chunks=\count307
\LT@p@ftn=\toks30
)
(/usr/local/texlive/2024/texmf-dist/tex/latex/varwidth/varwidth.sty
Package: varwidth 2009/03/30 ver 0.92;  Variable-width minipages
\@vwid@box=\box118
\sift@deathcycles=\count308
\@vwid@loff=\dimen262
\@vwid@roff=\dimen263
)
\sphinx@TY@tablewidth=\dimen264

(/usr/local/texlive/2024/texmf-dist/tex/latex/colortbl/colortbl.sty
Package: colortbl 2024/07/06 v1.0i Color table columns (DPC)
\everycr=\toks31
\minrowclearance=\skip70
\rownum=\count309
)
(/usr/local/texlive/2024/texmf-dist/tex/latex/booktabs/booktabs.sty
Package: booktabs 2020/01/12 v1.61803398 Publication quality tables
\heavyrulewidth=\dimen265
\lightrulewidth=\dimen266
\cmidrulewidth=\dimen267
\belowrulesep=\dimen268
\belowbottomsep=\dimen269
\aboverulesep=\dimen270
\abovetopsep=\dimen271
\cmidrulesep=\dimen272
\cmidrulekern=\dimen273
\defaultaddspace=\dimen274
\@cmidla=\count310
\@cmidlb=\count311
\@aboverulesep=\dimen275
\@belowrulesep=\dimen276
\@thisruleclass=\count312
\@lastruleclass=\count313
\@thisrulewidth=\dimen277
))
(./sphinxlatexnumfig.sty
File: sphinxlatexnumfig.sty 2021/01/27 numbering
) (./sphinxlatexlists.sty
File: sphinxlatexlists.sty 2021/12/20 lists
\spx@lineitemlabel=\toks32
)
\c@sphinxscope=\count314
 (./sphinxpackagefootnote.sty
Package: sphinxpackagefootnote 2022/08/15 v5.3.0 Sphinx custom footnotehyper pa
ckage (Sphinx team)
\FNH@notes=\box119
\FNH@toks=\toks33
\FNH@width=\dimen278
\c@sphinxfootnotemark=\count315
) (./sphinxlatexindbibtoc.sty
File: sphinxlatexindbibtoc.sty 2021/01/27 index, bib., toc

(/usr/local/texlive/2024/texmf-dist/tex/latex/base/makeidx.sty
Package: makeidx 2021/10/04 v1.0m Standard LaTeX package
))
(./sphinxlatexstylepage.sty
File: sphinxlatexstylepage.sty 2021/01/27 page styling

(/usr/local/texlive/2024/texmf-dist/tex/latex/parskip/parskip.sty
Rollback for package 'parskip' requested -> version 'v1'.
         This corresponds to the release introduced on 2001-04-09.

(/usr/local/texlive/2024/texmf-dist/tex/latex/parskip/parskip-2001-04-09.sty
Package: parskip 2001/04/09 non-zero parskip adjustments
))
(/usr/local/texlive/2024/texmf-dist/tex/latex/fancyhdr/fancyhdr.sty
Package: fancyhdr 2024/12/09 v4.5 Extensive control of page headers and footers

\f@nch@headwidth=\skip71
\f@nch@O@elh=\skip72
\f@nch@O@erh=\skip73
\f@nch@O@olh=\skip74
\f@nch@O@orh=\skip75
\f@nch@O@elf=\skip76
\f@nch@O@erf=\skip77
\f@nch@O@olf=\skip78
\f@nch@O@orf=\skip79
))
(./sphinxlatexstyleheadings.sty
File: sphinxlatexstyleheadings.sty 2023/02/11 headings

(/usr/local/texlive/2024/texmf-dist/tex/latex/titlesec/titlesec.sty
Package: titlesec 2023/10/27 v2.16 Sectioning titles
\ttl@box=\box120
\beforetitleunit=\skip80
\aftertitleunit=\skip81
\ttl@plus=\dimen279
\ttl@minus=\dimen280
\ttl@toksa=\toks34
\titlewidth=\dimen281
\titlewidthlast=\dimen282
\titlewidthfirst=\dimen283
))
(./sphinxlatexstyletext.sty
File: sphinxlatexstyletext.sty 2023/07/23 text styling
) (./sphinxlatexobjects.sty
File: sphinxlatexobjects.sty 2023/07/23 documentation environments
\sphinxsignaturesep=\skip82
\sphinxsignaturelistskip=\skip83
\py@argswidth=\skip84
\lineblockindentation=\skip85
\DUlineblockindent=\skip86
))
(/usr/local/texlive/2024/texmf-dist/tex/latex/geometry/geometry.sty
Package: geometry 2020/01/02 v5.9 Page Geometry

(/usr/local/texlive/2024/texmf-dist/tex/generic/iftex/ifvtex.sty
Package: ifvtex 2019/10/25 v1.7 ifvtex legacy package. Use iftex instead.

(/usr/local/texlive/2024/texmf-dist/tex/generic/iftex/iftex.sty
Package: iftex 2024/12/12 v1.0g TeX engine tests
))
\Gm@cnth=\count316
\Gm@cntv=\count317
\c@Gm@tempcnt=\count318
\Gm@bindingoffset=\dimen284
\Gm@wd@mp=\dimen285
\Gm@odd@mp=\dimen286
\Gm@even@mp=\dimen287
\Gm@layoutwidth=\dimen288
\Gm@layoutheight=\dimen289
\Gm@layouthoffset=\dimen290
\Gm@layoutvoffset=\dimen291
\Gm@dimlist=\toks35
)
(/usr/local/texlive/2024/texmf-dist/tex/latex/hyperref/hyperref.sty
Package: hyperref 2024-11-05 v7.01l Hypertext links for LaTeX

(/usr/local/texlive/2024/texmf-dist/tex/generic/kvdefinekeys/kvdefinekeys.sty
Package: kvdefinekeys 2019-12-19 v1.6 Define keys (HO)
)
(/usr/local/texlive/2024/texmf-dist/tex/generic/pdfescape/pdfescape.sty
Package: pdfescape 2019/12/09 v1.15 Implements pdfTeX's escape features (HO)

(/usr/local/texlive/2024/texmf-dist/tex/generic/pdftexcmds/pdftexcmds.sty
Package: pdftexcmds 2020-06-27 v0.33 Utility functions of pdfTeX for LuaTeX (HO
)

(/usr/local/texlive/2024/texmf-dist/tex/generic/infwarerr/infwarerr.sty
Package: infwarerr 2019/12/03 v1.5 Providing info/warning/error messages (HO)
)
Package pdftexcmds Info: \pdf@primitive is available.
Package pdftexcmds Info: \pdf@ifprimitive is available.
Package pdftexcmds Info: \pdfdraftmode found.
))
(/usr/local/texlive/2024/texmf-dist/tex/latex/hycolor/hycolor.sty
Package: hycolor 2020-01-27 v1.10 Color options for hyperref/bookmark (HO)
)
(/usr/local/texlive/2024/texmf-dist/tex/latex/hyperref/nameref.sty
Package: nameref 2023-11-26 v2.56 Cross-referencing by name of section

(/usr/local/texlive/2024/texmf-dist/tex/latex/refcount/refcount.sty
Package: refcount 2019/12/15 v3.6 Data extraction from label references (HO)
)
(/usr/local/texlive/2024/texmf-dist/tex/generic/gettitlestring/gettitlestring.s
ty
Package: gettitlestring 2019/12/15 v1.6 Cleanup title references (HO)
)
\c@section@level=\count319
) (/usr/local/texlive/2024/texmf-dist/tex/latex/etoolbox/etoolbox.sty
Package: etoolbox 2020/10/05 v2.5k e-TeX tools for LaTeX (JAW)
\etb@tempcnta=\count320
)
(/usr/local/texlive/2024/texmf-dist/tex/generic/stringenc/stringenc.sty
Package: stringenc 2019/11/29 v1.12 Convert strings between diff. encodings (HO
)
)
\@linkdim=\dimen292
\Hy@linkcounter=\count321
\Hy@pagecounter=\count322

(/usr/local/texlive/2024/texmf-dist/tex/latex/hyperref/pd1enc.def
File: pd1enc.def 2024-11-05 v7.01l Hyperref: PDFDocEncoding definition (HO)
Now handling font encoding PD1 ...
... no UTF-8 mapping file for font encoding PD1
)
(/usr/local/texlive/2024/texmf-dist/tex/generic/intcalc/intcalc.sty
Package: intcalc 2019/12/15 v1.3 Expandable calculations with integers (HO)
)
\Hy@SavedSpaceFactor=\count323

(/usr/local/texlive/2024/texmf-dist/tex/latex/hyperref/puenc.def
File: puenc.def 2024-11-05 v7.01l Hyperref: PDF Unicode definition (HO)
Now handling font encoding PU ...
... no UTF-8 mapping file for font encoding PU
)
Package hyperref Info: Option `unicode' set `true' on input line 4040.
Package hyperref Info: Option `colorlinks' set `true' on input line 4040.
Package hyperref Info: Option `breaklinks' set `true' on input line 4040.
Package hyperref Info: Hyper figures OFF on input line 4157.
Package hyperref Info: Link nesting OFF on input line 4162.
Package hyperref Info: Hyper index ON on input line 4165.
Package hyperref Info: Plain pages OFF on input line 4172.
Package hyperref Info: Backreferencing OFF on input line 4177.
Package hyperref Info: Implicit mode ON; LaTeX internals redefined.
Package hyperref Info: Bookmarks ON on input line 4424.
\c@Hy@tempcnt=\count324

(/usr/local/texlive/2024/texmf-dist/tex/latex/url/url.sty
\Urlmuskip=\muskip18
Package: url 2013/09/16  ver 3.4  Verb mode for urls, etc.
)
LaTeX Info: Redefining \url on input line 4763.
\XeTeXLinkMargin=\dimen293

(/usr/local/texlive/2024/texmf-dist/tex/generic/bitset/bitset.sty
Package: bitset 2019/12/09 v1.3 Handle bit-vector datatype (HO)

(/usr/local/texlive/2024/texmf-dist/tex/generic/bigintcalc/bigintcalc.sty
Package: bigintcalc 2019/12/15 v1.5 Expandable calculations on big integers (HO
)
))
\Fld@menulength=\count325
\Field@Width=\dimen294
\Fld@charsize=\dimen295
Package hyperref Info: Hyper figures OFF on input line 6042.
Package hyperref Info: Link nesting OFF on input line 6047.
Package hyperref Info: Hyper index ON on input line 6050.
Package hyperref Info: backreferencing OFF on input line 6057.
Package hyperref Info: Link coloring ON on input line 6060.
Package hyperref Info: Link coloring with OCG OFF on input line 6067.
Package hyperref Info: PDF/A mode OFF on input line 6072.

(/usr/local/texlive/2024/texmf-dist/tex/latex/base/atbegshi-ltx.sty
Package: atbegshi-ltx 2021/01/10 v1.0c Emulation of the original atbegshi
package with kernel methods
)
\Hy@abspage=\count326
\c@Item=\count327
\c@Hfootnote=\count328
)
Package hyperref Info: Driver (autodetected): hpdftex.

(/usr/local/texlive/2024/texmf-dist/tex/latex/hyperref/hpdftex.def
File: hpdftex.def 2024-11-05 v7.01l Hyperref driver for pdfTeX

(/usr/local/texlive/2024/texmf-dist/tex/latex/base/atveryend-ltx.sty
Package: atveryend-ltx 2020/08/19 v1.0a Emulation of the original atveryend pac
kage
with kernel methods
)
\Fld@listcount=\count329
\c@bookmark@seq@number=\count330

(/usr/local/texlive/2024/texmf-dist/tex/latex/rerunfilecheck/rerunfilecheck.sty
Package: rerunfilecheck 2022-07-10 v1.10 Rerun checks for auxiliary files (HO)

(/usr/local/texlive/2024/texmf-dist/tex/generic/uniquecounter/uniquecounter.sty
Package: uniquecounter 2019/12/15 v1.4 Provide unlimited unique counter (HO)
)
Package uniquecounter Info: New unique counter `rerunfilecheck' on input line 2
85.
)
\Hy@SectionHShift=\skip87
) (/usr/local/texlive/2024/texmf-dist/tex/latex/hypcap/hypcap.sty
Package: hypcap 2024-07-26 v1.13 Adjusting the anchors of captions (HO)

(/usr/local/texlive/2024/texmf-dist/tex/latex/letltxmacro/letltxmacro.sty
Package: letltxmacro 2019/12/03 v1.6 Let assignment for LaTeX macros (HO)
))
(./sphinxmessages.sty
Package: sphinxmessages 2019/01/04 v2.0 Localized LaTeX macros (Sphinx team)
)
\@indexfile=\write4
\openout4 = `micropolarray.idx'.


Writing index file micropolarray.idx
LaTeX Font Info:    Trying to load font information for T1+qtm on input line 73
.
(/usr/local/texlive/2024/texmf-dist/tex/latex/tex-gyre/t1qtm.fd
File: t1qtm.fd 2009/09/25 v1.2 font definition file for T1/qtm
)
(/usr/local/texlive/2024/texmf-dist/tex/latex/l3backend/l3backend-pdftex.def
File: l3backend-pdftex.def 2024-05-08 L3 backend support: PDF output (pdfTeX)
\l__color_backend_stack_int=\count331
\l__pdf_internal_box=\box121
)
(./micropolarray.aux)
\openout1 = `micropolarray.aux'.

LaTeX Font Info:    Checking defaults for OML/cmm/m/it on input line 73.
LaTeX Font Info:    ... okay on input line 73.
LaTeX Font Info:    Checking defaults for OMS/cmsy/m/n on input line 73.
LaTeX Font Info:    ... okay on input line 73.
LaTeX Font Info:    Checking defaults for OT1/cmr/m/n on input line 73.
LaTeX Font Info:    ... okay on input line 73.
LaTeX Font Info:    Checking defaults for T1/cmr/m/n on input line 73.
LaTeX Font Info:    ... okay on input line 73.
LaTeX Font Info:    Checking defaults for TS1/cmr/m/n on input line 73.
LaTeX Font Info:    ... okay on input line 73.
LaTeX Font Info:    Checking defaults for OMX/cmex/m/n on input line 73.
LaTeX Font Info:    ... okay on input line 73.
LaTeX Font Info:    Checking defaults for U/cmr/m/n on input line 73.
LaTeX Font Info:    ... okay on input line 73.
LaTeX Font Info:    Checking defaults for PD1/pdf/m/n on input line 73.
LaTeX Font Info:    ... okay on input line 73.
LaTeX Font Info:    Checking defaults for PU/pdf/m/n on input line 73.
LaTeX Font Info:    ... okay on input line 73.

(/usr/local/texlive/2024/texmf-dist/tex/context/base/mkii/supp-pdf.mkii
[Loading MPS to PDF converter (version 2006.09.02).]
\scratchcounter=\count332
\scratchdimen=\dimen296
\scratchbox=\box122
\nofMPsegments=\count333
\nofMParguments=\count334
\everyMPshowfont=\toks36
\MPscratchCnt=\count335
\MPscratchDim=\dimen297
\MPnumerator=\count336
\makeMPintoPDFobject=\count337
\everyMPtoPDFconversion=\toks37
) (/usr/local/texlive/2024/texmf-dist/tex/latex/epstopdf-pkg/epstopdf-base.sty
Package: epstopdf-base 2020-01-24 v2.11 Base part for package epstopdf
Package epstopdf-base Info: Redefining graphics rule for `.eps' on input line 4
85.

(/usr/local/texlive/2024/texmf-dist/tex/latex/latexconfig/epstopdf-sys.cfg
File: epstopdf-sys.cfg 2010/07/13 v1.3 Configuration of (r)epstopdf for TeX Liv
e
))
\c@literalblock=\count338

*geometry* driver: auto-detecting
*geometry* detected driver: pdftex
*geometry* verbose mode - [ preamble ] result:
* driver: pdftex
* paper: letterpaper
* layout: <same size as paper>
* layoutoffset:(h,v)=(0.0pt,0.0pt)
* modes: twoside 
* h-part:(L,W,R)=(72.26999pt, 469.75502pt, 72.26999pt)
* v-part:(T,H,B)=(72.26999pt, 650.43001pt, 72.26999pt)
* \paperwidth=614.295pt
* \paperheight=794.96999pt
* \textwidth=469.75502pt
* \textheight=650.43001pt
* \oddsidemargin=0.0pt
* \evensidemargin=0.0pt
* \topmargin=-37.0pt
* \headheight=12.0pt
* \headsep=25.0pt
* \topskip=10.0pt
* \footskip=30.0pt
* \marginparwidth=36.135pt
* \marginparsep=11.0pt
* \columnsep=10.0pt
* \skip\footins=9.0pt plus 4.0pt minus 2.0pt
* \hoffset=0.0pt
* \voffset=0.0pt
* \mag=1000
* \@twocolumnfalse
* \@twosidetrue
* \@mparswitchtrue
* \@reversemarginfalse
* (1in=72.27pt=25.4mm, 1cm=28.453pt)

Package hyperref Info: Link coloring ON on input line 73.
(./micropolarray.out) (./micropolarray.out)
\@outlinefile=\write5
\openout5 = `micropolarray.out'.

Package hyperref Info: Option `pageanchor' set `false' on input line 81.
LaTeX Font Info:    Trying to load font information for T1+qhv on input line 81
.

(/usr/local/texlive/2024/texmf-dist/tex/latex/tex-gyre/t1qhv.fd
File: t1qhv.fd 2009/09/25 v1.2 font definition file for T1/qhv
)<<ot1.cmap>><<oml.cmap>><<oms.cmap>><<omx.cmap>>
LaTeX Font Info:    Trying to load font information for U+msa on input line 81.


(/usr/local/texlive/2024/texmf-dist/tex/latex/amsfonts/umsa.fd
File: umsa.fd 2013/01/14 v3.01 AMS symbols A
)
LaTeX Font Info:    Trying to load font information for U+msb on input line 81.


(/usr/local/texlive/2024/texmf-dist/tex/latex/amsfonts/umsb.fd
File: umsb.fd 2013/01/14 v3.01 AMS symbols B
)

[1

{/usr/local/texlive/2024/texmf-var/fonts/map/pdftex/updmap/pdftex.map}{/usr/loc
al/texlive/2024/texmf-dist/fonts/enc/dvips/tex-gyre/q-ec.enc}]

[2


] (./micropolarray.toc)
\tf@toc=\write6
\openout6 = `micropolarray.toc'.



[1

]

[2

]
Chapter 1.
LaTeX Font Info:    Trying to load font information for T1+txtt on input line 1
11.
(/usr/local/texlive/2024/texmf-dist/tex/latex/txfonts/t1txtt.fd
File: t1txtt.fd 2000/12/15 v3.1
)
LaTeX Font Info:    Font shape `T1/txtt/b/n' in size <10> not available
(Font)              Font shape `T1/txtt/bx/n' tried instead on input line 111.

Overfull \hbox (84.8486pt too wide) in paragraph at lines 111--111
[]\T1/qtm/m/it/10 polarizer_orientations\T1/qtm/m/n/10 , 
 []


Overfull \hbox (7.83363pt too wide) in paragraph at lines 111--111
\T1/qtm/m/it/10 file- 
 []


Overfull \hbox (37.92361pt too wide) in paragraph at lines 111--111
\T1/qtm/m/it/10 names_list\T1/qtm/m/n/10 , 
 []


Overfull \hbox (5.61363pt too wide) in paragraph at lines 111--111
\T1/qtm/m/it/10 mi- 
 []


Overfull \hbox (98.72859pt too wide) in paragraph at lines 111--111
\T1/qtm/m/it/10 cropol_phases_previsions\T1/qtm/m/n/10 , 
 []


Overfull \hbox (8.39363pt too wide) in paragraph at lines 111--111
\T1/qtm/m/it/10 out- 
 []


Overfull \hbox (24.74362pt too wide) in paragraph at lines 111--111
\T1/qtm/m/it/10 put_dir\T1/qtm/m/n/10 , 
 []


Overfull \hbox (5.05363pt too wide) in paragraph at lines 111--111
\T1/qtm/m/it/10 oc- 
 []


Overfull \hbox (7.83363pt too wide) in paragraph at lines 111--111
\T1/qtm/m/it/10 cul- 
 []


Overfull \hbox (30.6336pt too wide) in paragraph at lines 111--111
\T1/qtm/m/it/10 ter=True\T1/qtm/m/n/10 , 
 []


Overfull \hbox (79.45364pt too wide) in paragraph at lines 111--111
\T1/qtm/m/it/10 dark_filename=None\T1/qtm/m/n/10 , 
 []


Overfull \hbox (76.80362pt too wide) in paragraph at lines 111--111
\T1/qtm/m/it/10 flat_filename=None\T1/txtt/m/n/10 )|  
 []

LaTeX Font Info:    Trying to load font information for TS1+qtm on input line 1
17.
(/usr/local/texlive/2024/texmf-dist/tex/latex/tex-gyre/ts1qtm.fd
File: ts1qtm.fd 2009/09/25 v1.2 font definition file for TS1/qtm
)
LaTeX Font Info:    Font shape `T1/txtt/m/it' in size <10> not available
(Font)              Font shape `T1/txtt/m/sl' tried instead on input line 119.


[1

{/usr/local/texlive/2024/texmf-dist/fonts/enc/dvips/tex-gyre/q-ts1.enc}]
Overfull \hbox (19.73375pt too wide) in paragraph at lines 167--167
\T1/qtm/m/it/10 tion_matrices_dir: 
 []



[2]

[3]

[4]

[5]
Overfull \hbox (11.12393pt too wide) in paragraph at lines 691--691
[]\T1/qtm/m/it/10 splitted_normalized_dara_arr\T1/qtm/m/n/10 , 
 []


Overfull \hbox (22.3289pt too wide) in paragraph at lines 691--691
\T1/qtm/m/it/10 rad_micropol_phases_previsions\T1/qtm/m/n/10 , 
 []



[6]

[7]

[8]

[9]

[10]

[11]
Underfull \hbox (badness 5681) in paragraph at lines 1551--1554
\T1/qtm/m/n/10 Re-turns an ar-ray of True in-side the roi, False else-where. Us
e-ful for mean/std op-er-a-tions
 []



[12]

[13]

[14]
LaTeX Font Info:    Font shape `T1/txtt/b/it' in size <10> not available
(Font)              Font shape `T1/txtt/bx/it' tried instead on input line 1.
LaTeX Font Info:    Font shape `T1/txtt/bx/it' in size <10> not available
(Font)              Font shape `T1/txtt/bx/sl' tried instead on input line 1.


[15]

[16]

[17]

[18]

[19]

[20]

[21]

[22]

[23]

[24

]
Chapter 2.


[25]

[26

]
Overfull \hbox (40.37172pt too wide) in paragraph at lines 3060--3061
[]\T1/txtt/m/n/10 micropolarray.processing.chen_wan_liang_calibration\T1/qtm/m/
n/10 ,
 []


Overfull \hbox (3.62183pt too wide) in paragraph at lines 3064--3065
[]\T1/txtt/m/n/10 micropolarray.processing.demodulation_errors\T1/qtm/m/n/10 ,
 []





[27


] (./micropolarray.ind

[28


]
Underfull \hbox (badness 10000) in paragraph at lines 10--12
[]\T1/txtt/m/n/10 angle_dic \T1/qtm/m/n/10 (\T1/qtm/m/it/10 mi-crop-o-lar-
 []


Underfull \hbox (badness 10000) in paragraph at lines 10--12
\T1/qtm/m/it/10 ray.processing.demodulation.Demodulator
 []


Underfull \hbox (badness 10000) in paragraph at lines 13--15
[]\T1/txtt/m/n/10 AoLP \T1/qtm/m/n/10 (\T1/qtm/m/it/10 mi-crop-o-lar-ray.microp
ol_image.MicropolImage
 []


Underfull \hbox (badness 10000) in paragraph at lines 15--16
[]\T1/txtt/m/n/10 AoLP() \T1/qtm/m/n/10 (\T1/qtm/m/it/10 in mod-ule mi-crop-o-l
ar-
 []


Underfull \hbox (badness 10000) in paragraph at lines 16--18
[]\T1/txtt/m/n/10 auto_threshold() \T1/qtm/m/n/10 (\T1/qtm/m/it/10 in mod-ule m
i-crop-o-lar-
 []


Underfull \hbox (badness 10000) in paragraph at lines 23--25
[]\T1/txtt/m/n/10 bresenham() \T1/qtm/m/n/10 (\T1/qtm/m/it/10 in mod-ule mi-cro
p-o-lar-
 []


Underfull \hbox (badness 10000) in paragraph at lines 28--30
[]\T1/txtt/m/n/10 calculate_chen_wan_lian_calibration()
 []


Underfull \hbox (badness 10000) in paragraph at lines 28--30
\T1/qtm/m/n/10 (\T1/qtm/m/it/10 in mod-ule mi-crop-o-lar-
 []


Underfull \hbox (badness 10000) in paragraph at lines 28--30
\T1/qtm/m/it/10 ray.processing.chen_wan_liang_calibration\T1/qtm/m/n/10 ),
 []


Underfull \hbox (badness 10000) in paragraph at lines 33--35
[]\T1/txtt/m/n/10 chen_wan_liang_calibration()
 []


Underfull \hbox (badness 10000) in paragraph at lines 33--35
\T1/qtm/m/n/10 (\T1/qtm/m/it/10 in mod-ule mi-crop-o-lar-
 []


Underfull \hbox (badness 10000) in paragraph at lines 33--35
\T1/qtm/m/it/10 ray.processing.chen_wan_liang_calibration\T1/qtm/m/n/10 ),
 []


Overfull \hbox (7.26245pt too wide) in paragraph at lines 35--37
[]\T1/txtt/m/n/10 Cij \T1/qtm/m/n/10 (\T1/qtm/m/it/10 mi-crop-o-lar-ray.process
ing.demodulation.Demodulator
 []


Underfull \hbox (badness 10000) in paragraph at lines 37--39
[]\T1/txtt/m/n/10 clean_hot_pixels() \T1/qtm/m/n/10 (\T1/qtm/m/it/10 mi-crop-o-
lar-
 []


Underfull \hbox (badness 10000) in paragraph at lines 37--39
\T1/qtm/m/it/10 ray.micropol_image.MicropolImage method\T1/qtm/m/n/10 ),
 []


Underfull \hbox (badness 10000) in paragraph at lines 41--42
[]\T1/txtt/m/n/10 congrid() \T1/qtm/m/n/10 (\T1/qtm/m/it/10 in mod-ule mi-crop-
o-lar-
 []


Underfull \hbox (badness 10000) in paragraph at lines 42--44
[]\T1/txtt/m/n/10 congrid() \T1/qtm/m/n/10 (\T1/qtm/m/it/10 mi-crop-o-lar-
 []


Underfull \hbox (badness 10000) in paragraph at lines 42--44
\T1/qtm/m/it/10 ray.micropol_image.MicropolImage method\T1/qtm/m/n/10 ),
 []




Underfull \hbox (badness 10000) in paragraph at lines 46--48
[]\T1/txtt/m/n/10 convert_set() \T1/qtm/m/n/10 (\T1/qtm/m/it/10 in mod-ule mi-c
rop-o-lar-
 []


Underfull \hbox (badness 10000) in paragraph at lines 48--50
[]\T1/txtt/m/n/10 correct_flat() \T1/qtm/m/n/10 (\T1/qtm/m/it/10 mi-crop-o-lar-

 []


Underfull \hbox (badness 10000) in paragraph at lines 48--50
\T1/qtm/m/it/10 ray.micropol_image.MicropolImage method\T1/qtm/m/n/10 ),
 []


Underfull \hbox (badness 10000) in paragraph at lines 50--52
[]\T1/txtt/m/n/10 correct_ifov() \T1/qtm/m/n/10 (\T1/qtm/m/it/10 mi-crop-o-lar-

 []


Underfull \hbox (badness 10000) in paragraph at lines 50--52
\T1/qtm/m/it/10 ray.micropol_image.MicropolImage method\T1/qtm/m/n/10 ),
 []


Underfull \hbox (badness 10000) in paragraph at lines 56--57
[]\T1/txtt/m/n/10 data \T1/qtm/m/n/10 (\T1/qtm/m/it/10 mi-crop-o-lar-ray.microp
ol_image.PolParam at-
 []


Underfull \hbox (badness 10000) in paragraph at lines 58--60
[]\T1/txtt/m/n/10 demodulate() \T1/qtm/m/n/10 (\T1/qtm/m/it/10 mi-crop-o-lar-
 []


Underfull \hbox (badness 10000) in paragraph at lines 58--60
\T1/qtm/m/it/10 ray.micropol_image.MicropolImage method\T1/qtm/m/n/10 ),
 []


Underfull \hbox (badness 10000) in paragraph at lines 60--62
[]\T1/txtt/m/n/10 Demodulator \T1/qtm/m/n/10 (\T1/qtm/m/it/10 class in mi-crop-
o-lar-
 []


Underfull \hbox (badness 10000) in paragraph at lines 62--63
[]\T1/txtt/m/n/10 demosaic() \T1/qtm/m/n/10 (\T1/qtm/m/it/10 in mod-ule mi-crop
-o-lar-
 []


Underfull \hbox (badness 10000) in paragraph at lines 63--65
[]\T1/txtt/m/n/10 demosaic() \T1/qtm/m/n/10 (\T1/qtm/m/it/10 mi-crop-o-lar-
 []


Underfull \hbox (badness 10000) in paragraph at lines 63--65
\T1/qtm/m/it/10 ray.micropol_image.MicropolImage method\T1/qtm/m/n/10 ),
 []


Underfull \hbox (badness 10000) in paragraph at lines 65--67
[]\T1/txtt/m/n/10 demosaicadjacent() \T1/qtm/m/n/10 (\T1/qtm/m/it/10 in mod-ule
 mi-crop-o-lar-
 []


Underfull \hbox (badness 10000) in paragraph at lines 67--69
[]\T1/txtt/m/n/10 demosaicmean() \T1/qtm/m/n/10 (\T1/qtm/m/it/10 in mod-ule mi-
crop-o-lar-
 []


Underfull \hbox (badness 10000) in paragraph at lines 69--71
[]\T1/txtt/m/n/10 DoLP \T1/qtm/m/n/10 (\T1/qtm/m/it/10 mi-crop-o-lar-ray.microp
ol_image.MicropolImage
 []


Underfull \hbox (badness 10000) in paragraph at lines 71--72
[]\T1/txtt/m/n/10 DoLP() \T1/qtm/m/n/10 (\T1/qtm/m/it/10 in mod-ule mi-crop-o-l
ar-
 []


Overfull \hbox (7.43245pt too wide) in paragraph at lines 75--77
[]\T1/txtt/m/n/10 eff \T1/qtm/m/n/10 (\T1/qtm/m/it/10 mi-crop-o-lar-ray.process
ing.demodulation.Demodulator
 []


Underfull \hbox (badness 10000) in paragraph at lines 80--82
[]\T1/txtt/m/n/10 find_occulter_hough() \T1/qtm/m/n/10 (\T1/qtm/m/it/10 in mod-
ule mi-crop-o-lar-
 []



[29

]
Underfull \hbox (badness 10000) in paragraph at lines 84--86
[]\T1/txtt/m/n/10 first_call \T1/qtm/m/n/10 (\T1/qtm/m/it/10 mi-crop-o-lar-
 []


Overfull \hbox (23.0124pt too wide) in paragraph at lines 89--91
[]\T1/txtt/m/n/10 flip() \T1/qtm/m/n/10 (\T1/qtm/m/it/10 mi-crop-o-lar-ray.proc
essing.demodulation.Demodulator
 []


Underfull \hbox (badness 10000) in paragraph at lines 95--97
[]\T1/txtt/m/n/10 get_error_on_AoLP() \T1/qtm/m/n/10 (\T1/qtm/m/it/10 in mod-ul
e mi-crop-o-lar-
 []


Underfull \hbox (badness 10000) in paragraph at lines 97--99
[]\T1/txtt/m/n/10 get_error_on_DoLP() \T1/qtm/m/n/10 (\T1/qtm/m/it/10 in mod-ul
e mi-crop-o-lar-
 []


Underfull \hbox (badness 10000) in paragraph at lines 99--101
[]\T1/txtt/m/n/10 get_error_on_pB() \T1/qtm/m/n/10 (\T1/qtm/m/it/10 in mod-ule 
mi-crop-o-lar-
 []


Underfull \hbox (badness 10000) in paragraph at lines 101--103
[]\T1/txtt/m/n/10 get_error_on_Stokes() \T1/qtm/m/n/10 (\T1/qtm/m/it/10 in mod-
ule mi-crop-o-lar-
 []


Underfull \hbox (badness 10000) in paragraph at lines 103--105
[]\T1/txtt/m/n/10 get_hot_pixels() \T1/qtm/m/n/10 (\T1/qtm/m/it/10 in mod-ule m
i-crop-o-lar-
 []


Underfull \hbox (badness 10000) in paragraph at lines 120--122
[]\T1/txtt/m/n/10 linear_roi() \T1/qtm/m/n/10 (\T1/qtm/m/it/10 in mod-ule mi-cr
op-o-lar-
 []


Underfull \hbox (badness 10000) in paragraph at lines 127--128
[]\T1/txtt/m/n/10 Malus() \T1/qtm/m/n/10 (\T1/qtm/m/it/10 in mod-ule mi-crop-o-
lar-
 []


Underfull \hbox (badness 10000) in paragraph at lines 130--132
[]\T1/txtt/m/n/10 mask_occulter() \T1/qtm/m/n/10 (\T1/qtm/m/it/10 mi-crop-o-lar
-
 []


Underfull \hbox (badness 10000) in paragraph at lines 130--132
\T1/qtm/m/it/10 ray.micropol_image.MicropolImage method\T1/qtm/m/n/10 ),
 []




Underfull \hbox (badness 10000) in paragraph at lines 134--136
[]\T1/txtt/m/n/10 measure_unit \T1/qtm/m/n/10 (\T1/qtm/m/it/10 mi-crop-o-lar-
 []


Underfull \hbox (badness 10000) in paragraph at lines 134--136
\T1/qtm/m/it/10 ray.micropol_image.PolParam at-tribute\T1/qtm/m/n/10 ),
 []


Underfull \hbox (badness 10000) in paragraph at lines 138--140
[]\T1/txtt/m/n/10 merge_polarizations() \T1/qtm/m/n/10 (\T1/qtm/m/it/10 in mod-
ule mi-crop-o-lar-
 []


Overfull \hbox (37.87172pt too wide) in paragraph at lines 154--155
[]\T1/txtt/m/n/10 micropolarray.processing.chen_wan_liang_calibration 
 []


Overfull \hbox (1.12183pt too wide) in paragraph at lines 162--163
[]\T1/txtt/m/n/10 micropolarray.processing.demodulation_errors 
 []


Underfull \hbox (badness 10000) in paragraph at lines 184--186
[]\T1/txtt/m/n/10 micropolarray_rebin() \T1/qtm/m/n/10 (\T1/qtm/m/it/10 in mod-
ule mi-crop-o-lar-
 []



[30]
Underfull \hbox (badness 10000) in paragraph at lines 186--187
[]\T1/txtt/m/n/10 MicropolImage \T1/qtm/m/n/10 (\T1/qtm/m/it/10 class in mi-cro
p-o-lar-
 []


Underfull \hbox (badness 10000) in paragraph at lines 187--189
[]\T1/txtt/m/n/10 MicropolImageError \T1/qtm/m/n/10 (\T1/qtm/m/it/10 class in m
i-crop-o-lar-
 []


Overfull \hbox (60.37172pt too wide) in paragraph at lines 196--197
[]| \T1/txtt/m/n/10 micropolarray.processing.chen_wan_liang_calibration\T1/qtm/
m/n/10 ,
 []


Overfull \hbox (23.62183pt too wide) in paragraph at lines 200--201
[]| \T1/txtt/m/n/10 micropolarray.processing.demodulation_errors\T1/qtm/m/n/10 
,
 []


Underfull \hbox (badness 10000) in paragraph at lines 202--203
[]| \T1/txtt/m/n/10 micropolarray.processing.image_cleaning\T1/qtm/m/n/10 ,
 []


Underfull \hbox (badness 10000) in paragraph at lines 211--213
[]\T1/txtt/m/n/10 normalize2pi() \T1/qtm/m/n/10 (\T1/qtm/m/it/10 in mod-ule mi-
crop-o-lar-
 []


Underfull \hbox (badness 10000) in paragraph at lines 215--217
[]\T1/txtt/m/n/10 nparr_from_binary() \T1/qtm/m/n/10 (\T1/qtm/m/it/10 in mod-ul
e mi-crop-o-lar-
 []


Underfull \hbox (badness 10000) in paragraph at lines 221--222
[]\T1/txtt/m/n/10 occulter_mask() \T1/qtm/m/n/10 (\T1/qtm/m/it/10 mi-crop-o-lar
-ray.cameras.Camera
 []


Underfull \hbox (badness 10000) in paragraph at lines 222--223
[]\T1/txtt/m/n/10 occulter_roi() \T1/qtm/m/n/10 (\T1/qtm/m/it/10 mi-crop-o-lar-
ray.cameras.Camera
 []


Overfull \hbox (7.26245pt too wide) in paragraph at lines 229--231
[]\T1/txtt/m/n/10 phi \T1/qtm/m/n/10 (\T1/qtm/m/it/10 mi-crop-o-lar-ray.process
ing.demodulation.Demodulator
 []


Underfull \hbox (badness 10000) in paragraph at lines 233--235
[]\T1/txtt/m/n/10 print_trimming_info() \T1/qtm/m/n/10 (\T1/qtm/m/it/10 in mod-
ule mi-crop-o-lar-
 []




Overfull \hbox (0.81238pt too wide) in paragraph at lines 243--245
[]\T1/txtt/m/n/10 rebin() \T1/qtm/m/n/10 (\T1/qtm/m/it/10 mi-crop-o-lar-ray.mic
ropol_image.MicropolImage
 []


Overfull \hbox (28.26239pt too wide) in paragraph at lines 245--247
[]\T1/txtt/m/n/10 rebin() \T1/qtm/m/n/10 (\T1/qtm/m/it/10 mi-crop-o-lar-ray.pro
cessing.demodulation.Demodulator
 []


Underfull \hbox (badness 10000) in paragraph at lines 247--249
[]\T1/txtt/m/n/10 reject_outliers() \T1/qtm/m/n/10 (\T1/qtm/m/it/10 in mod-ule 
mi-crop-o-lar-
 []


Underfull \hbox (badness 10000) in paragraph at lines 251--253
[]\T1/txtt/m/n/10 roi_from_polar() \T1/qtm/m/n/10 (\T1/qtm/m/it/10 in mod-ule m
i-crop-o-lar-
 []


Overfull \hbox (28.26239pt too wide) in paragraph at lines 253--255
[]\T1/txtt/m/n/10 rot90() \T1/qtm/m/n/10 (\T1/qtm/m/it/10 mi-crop-o-lar-ray.pro
cessing.demodulation.Demodulator
 []


Underfull \hbox (badness 10000) in paragraph at lines 255--257
[]\T1/txtt/m/n/10 rotate() \T1/qtm/m/n/10 (\T1/qtm/m/it/10 mi-crop-o-lar-
 []


Underfull \hbox (badness 10000) in paragraph at lines 255--257
\T1/qtm/m/it/10 ray.micropol_image.MicropolImage method\T1/qtm/m/n/10 ),
 []


Underfull \hbox (badness 10000) in paragraph at lines 260--262
[]\T1/txtt/m/n/10 save_all_pol_params_as_fits() \T1/qtm/m/n/10 (\T1/qtm/m/it/10
 mi-crop-o-lar-
 []


Underfull \hbox (badness 10000) in paragraph at lines 260--262
\T1/qtm/m/it/10 ray.micropol_image.MicropolImage method\T1/qtm/m/n/10 ),
 []


Underfull \hbox (badness 10000) in paragraph at lines 264--266
[]\T1/txtt/m/n/10 save_demosaiced_images_as_fits() \T1/qtm/m/n/10 (\T1/qtm/m/it
/10 mi-crop-o-lar-
 []


Underfull \hbox (badness 10000) in paragraph at lines 264--266
\T1/qtm/m/it/10 ray.micropol_image.MicropolImage method\T1/qtm/m/n/10 ),
 []


Underfull \hbox (badness 10000) in paragraph at lines 266--268
[]\T1/txtt/m/n/10 save_param_as_fits() \T1/qtm/m/n/10 (\T1/qtm/m/it/10 mi-crop-
o-lar-
 []


Underfull \hbox (badness 10000) in paragraph at lines 266--268
\T1/qtm/m/it/10 ray.micropol_image.MicropolImage method\T1/qtm/m/n/10 ),
 []


Underfull \hbox (badness 10000) in paragraph at lines 268--270
[]\T1/txtt/m/n/10 save_single_pol_images() \T1/qtm/m/n/10 (\T1/qtm/m/it/10 mi-c
rop-o-lar-
 []


Underfull \hbox (badness 10000) in paragraph at lines 268--270
\T1/qtm/m/it/10 ray.micropol_image.MicropolImage method\T1/qtm/m/n/10 ),
 []


Underfull \hbox (badness 10000) in paragraph at lines 270--272
[]\T1/txtt/m/n/10 set_default_angles() \T1/qtm/m/n/10 (\T1/qtm/m/it/10 in mod-u
le mi-crop-o-lar-
 []


Overfull \hbox (0.81238pt too wide) in paragraph at lines 274--276
[]\T1/txtt/m/n/10 shift() \T1/qtm/m/n/10 (\T1/qtm/m/it/10 mi-crop-o-lar-ray.mic
ropol_image.MicropolImage
 []


Underfull \hbox (badness 10000) in paragraph at lines 276--278
[]\T1/txtt/m/n/10 shift_micropol() \T1/qtm/m/n/10 (\T1/qtm/m/it/10 in mod-ule m
i-crop-o-lar-
 []


Overfull \hbox (23.0124pt too wide) in paragraph at lines 279--281
[]\T1/txtt/m/n/10 show() \T1/qtm/m/n/10 (\T1/qtm/m/it/10 mi-crop-o-lar-ray.proc
essing.demodulation.Demodulator
 []


Underfull \hbox (badness 10000) in paragraph at lines 281--283
[]\T1/txtt/m/n/10 show_demo_images() \T1/qtm/m/n/10 (\T1/qtm/m/it/10 mi-crop-o-
lar-
 []


Underfull \hbox (badness 10000) in paragraph at lines 281--283
\T1/qtm/m/it/10 ray.micropol_image.MicropolImage method\T1/qtm/m/n/10 ),
 []



[31]
Underfull \hbox (badness 10000) in paragraph at lines 283--284
[]\T1/txtt/m/n/10 show_histogram() \T1/qtm/m/n/10 (\T1/qtm/m/it/10 mi-crop-o-la
r-ray.image.Image
 []


Underfull \hbox (badness 10000) in paragraph at lines 284--286
[]\T1/txtt/m/n/10 show_histogram() \T1/qtm/m/n/10 (\T1/qtm/m/it/10 mi-crop-o-la
r-
 []


Underfull \hbox (badness 10000) in paragraph at lines 284--286
\T1/qtm/m/it/10 ray.micropol_image.MicropolImage method\T1/qtm/m/n/10 ),
 []


Underfull \hbox (badness 10000) in paragraph at lines 286--288
[]\T1/txtt/m/n/10 show_pol_param() \T1/qtm/m/n/10 (\T1/qtm/m/it/10 mi-crop-o-la
r-
 []


Underfull \hbox (badness 10000) in paragraph at lines 286--288
\T1/qtm/m/it/10 ray.micropol_image.MicropolImage method\T1/qtm/m/n/10 ),
 []


Underfull \hbox (badness 10000) in paragraph at lines 288--290
[]\T1/txtt/m/n/10 show_pol_params() \T1/qtm/m/n/10 (\T1/qtm/m/it/10 mi-crop-o-l
ar-
 []


Underfull \hbox (badness 10000) in paragraph at lines 288--290
\T1/qtm/m/it/10 ray.micropol_image.MicropolImage method\T1/qtm/m/n/10 ),
 []


Underfull \hbox (badness 10000) in paragraph at lines 290--292
[]\T1/txtt/m/n/10 show_single_pol_images() \T1/qtm/m/n/10 (\T1/qtm/m/it/10 mi-c
rop-o-lar-
 []


Underfull \hbox (badness 10000) in paragraph at lines 290--292
\T1/qtm/m/it/10 ray.micropol_image.MicropolImage method\T1/qtm/m/n/10 ),
 []


Underfull \hbox (badness 10000) in paragraph at lines 292--294
[]\T1/txtt/m/n/10 show_with_pol_params() \T1/qtm/m/n/10 (\T1/qtm/m/it/10 mi-cro
p-o-lar-
 []


Underfull \hbox (badness 10000) in paragraph at lines 292--294
\T1/qtm/m/it/10 ray.micropol_image.MicropolImage method\T1/qtm/m/n/10 ),
 []


Underfull \hbox (badness 10000) in paragraph at lines 296--298
[]\T1/txtt/m/n/10 single_pol_subimages \T1/qtm/m/n/10 (\T1/qtm/m/it/10 mi-crop-
o-lar-
 []


Underfull \hbox (badness 10000) in paragraph at lines 298--300
[]\T1/txtt/m/n/10 split_polarizations() \T1/qtm/m/n/10 (\T1/qtm/m/it/10 in mod-
ule mi-crop-o-lar-
 []


Underfull \hbox (badness 10000) in paragraph at lines 300--302
[]\T1/txtt/m/n/10 standard_jitrebin() \T1/qtm/m/n/10 (\T1/qtm/m/it/10 in mod-ul
e mi-crop-o-lar-
 []


Underfull \hbox (badness 10000) in paragraph at lines 302--304
[]\T1/txtt/m/n/10 standard_rebin() \T1/qtm/m/n/10 (\T1/qtm/m/it/10 in mod-ule m
i-crop-o-lar-
 []


Underfull \hbox (badness 10000) in paragraph at lines 304--306
[]\T1/txtt/m/n/10 subtract_dark() \T1/qtm/m/n/10 (\T1/qtm/m/it/10 mi-crop-o-lar
-
 []


Underfull \hbox (badness 10000) in paragraph at lines 304--306
\T1/qtm/m/it/10 ray.micropol_image.MicropolImage method\T1/qtm/m/n/10 ),
 []


Underfull \hbox (badness 10000) in paragraph at lines 311--312
[]\T1/txtt/m/n/10 tile_double() \T1/qtm/m/n/10 (\T1/qtm/m/it/10 in mod-ule mi-c
rop-o-lar-
 []


Underfull \hbox (badness 10000) in paragraph at lines 313--314
[]\T1/txtt/m/n/10 title \T1/qtm/m/n/10 (\T1/qtm/m/it/10 mi-crop-o-lar-ray.micro
pol_image.PolParam at-
 []


Overfull \hbox (2.01247pt too wide) in paragraph at lines 314--316
[]\T1/txtt/m/n/10 tk \T1/qtm/m/n/10 (\T1/qtm/m/it/10 mi-crop-o-lar-ray.processi
ng.demodulation.Demodulator
 []





[32

]) (./micropolarray.aux)
 ***********
LaTeX2e <2024-11-01> patch level 1
L3 programming layer <2024-11-02>
 ***********
Package rerunfilecheck Info: File `micropolarray.out' has not changed.
(rerunfilecheck)             Checksum: 8D47BAB0104BFD98076B3A072F9DF1C5;5626.
 ) 
Here is how much of TeX's memory you used:
 16842 strings out of 473330
 287482 string characters out of 5719768
 704779 words of memory out of 5000000
 39404 multiletter control sequences out of 15000+600000
 609815 words of font info for 78 fonts, out of 8000000 for 9000
 1142 hyphenation exceptions out of 8191
 72i,11n,79p,2128b,858s stack positions out of 10000i,1000n,20000p,200000b,200000s
</usr/local/texlive/2024/texmf-dist/fonts/type1/public/amsfonts/cm/cmsy10.pfb
></usr/local/texlive/2024/texmf-dist/fonts/type1/public/tex-gyre/qhvb.pfb></usr
/local/texlive/2024/texmf-dist/fonts/type1/public/tex-gyre/qhvr.pfb></usr/local
/texlive/2024/texmf-dist/fonts/type1/public/tex-gyre/qtmb.pfb></usr/local/texli
ve/2024/texmf-dist/fonts/type1/public/tex-gyre/qtmr.pfb></usr/local/texlive/202
4/texmf-dist/fonts/type1/public/tex-gyre/qtmri.pfb></usr/local/texlive/2024/tex
mf-dist/fonts/type1/public/txfonts/t1xbtt.pfb></usr/local/texlive/2024/texmf-di
st/fonts/type1/public/txfonts/t1xbtt.pfb></usr/local/texlive/2024/texmf-dist/fo
nts/type1/public/txfonts/t1xtt.pfb></usr/local/texlive/2024/texmf-dist/fonts/ty
pe1/public/txfonts/t1xtt.pfb>
Output written on micropolarray.pdf (36 pages, 235013 bytes).
PDF statistics:
 738 PDF objects out of 1000 (max. 8388607)
 676 compressed objects within 7 object streams
 188 named destinations out of 1000 (max. 500000)
 229 words of extra memory for PDF output out of 10000 (max. 10000000)

